FAILED tests/agents/test_react.py::TestReActAgentInitialization::test_initialization_with_custom_prompts - promptstore.exceptions.PromptNotFoundError: Prompt with UUID extractor_prompt/extractor_prompt not found
FAILED tests/agents/test_react.py::TestReActAgentEdgeCases::test_initialization_with_none_values - promptstore.exceptions.PromptNotFoundError: Prompt with UUID system_prompt/system_prompt not found
FAILED tests/agents/test_reflexion_agent.py::TestReflexionAgentInitialization::test_init_with_react_agent - promptstore.exceptions.PromptNotFoundError: Prompt with UUID system_prompt/system_prompt not found
FAILED tests/agents/test_reflexion_agent.py::TestReflexionAgentInitialization::test_init_with_tool_calling_agent - promptstore.exceptions.PromptNotFoundError: Prompt with UUID system_prompt/system_prompt not found
FAILED tests/agents/test_reflexion_agent.py::TestReflexionAgentInitialization::test_init_custom_reflection_model - promptstore.exceptions.PromptNotFoundError: Prompt with UUID system_prompt/system_prompt not found
FAILED tests/agents/test_reflexion_agent.py::TestReflexionAgentInitialization::test_memory_initialization - promptstore.exceptions.PromptNotFoundError: Prompt with UUID system_prompt/system_prompt not found
FAILED tests/agents/test_reflexion_agent.py::TestReflexionAgentRun::test_success_on_first_attempt - promptstore.exceptions.PromptNotFoundError: Prompt with UUID system_prompt/system_prompt not found
FAILED tests/agents/test_reflexion_agent.py::TestReflexionAgentRun::test_retry_with_reflection - promptstore.exceptions.PromptNotFoundError: Prompt with UUID system_prompt/system_prompt not found
FAILED tests/agents/test_reflexion_agent.py::TestReflexionAgentRun::test_exhausts_all_attempts - promptstore.exceptions.PromptNotFoundError: Prompt with UUID system_prompt/system_prompt not found
FAILED tests/agents/test_reflexion_agent.py::TestReflexionAgentRun::test_memory_injection_into_history - promptstore.exceptions.PromptNotFoundError: Prompt with UUID system_prompt/system_prompt not found
FAILED tests/agents/test_reflexion_agent.py::TestReflexionAgentRun::test_memory_clears_for_new_task - promptstore.exceptions.PromptNotFoundError: Prompt with UUID system_prompt/system_prompt not found
FAILED tests/agents/test_reflexion_agent.py::TestReflexionAgentRun::test_with_tool_execution - promptstore.exceptions.PromptNotFoundError: Prompt with UUID system_prompt/system_prompt not found
FAILED tests/agents/test_reflexion_agent.py::TestReflexionAgentEdgeCases::test_exception_handling - promptstore.exceptions.PromptNotFoundError: Prompt with UUID system_prompt/system_prompt not found
